// Jest Snapshot v1, https://goo.gl/fbAQLP

exports[`expect DashboardPage to be rendered 1`] = `
<div>
  <p>
    Dashboard page content
  </p>
</div>
`;
